MPLINK 5.00, LINKER
Linker Map File - Created Sat Apr  5 21:10:03 2014

                                 Section Info
                  Section       Type    Address   Location Size(Bytes)
                ---------  ---------  ---------  ---------  ---------
               RESET_VECT       code   0x000000    program   0x000004
                   .cinit    romdata   0x000002    program   0x000004
                MAIN_CODE       code   0x000004    program   0x000062
                RS485_LIB       code   0x000035    program   0x00004c
                  DEL_LIB       code   0x00005b    program   0x000020
.config_8007_BUILD/DEFAULT/PRODUCTION/MAIN.O       code   0x008007    program   0x000002
.config_8008_BUILD/DEFAULT/PRODUCTION/MAIN.O       code   0x008008    program   0x000002



                              Program Memory Usage 
                               Start         End      
                           ---------   ---------      
                            0x000000    0x00006a      
                            0x008007    0x008008      
            109 out of 4103 program addresses used, program memory utilization is 2%



                              Symbols - Sorted by Name
                     Name    Address   Location    Storage File                     
                ---------  ---------  ---------  --------- ---------                
               Delay_10ms   0x00005b    program     static /home/kwendenarmo/git-repos/DMX-RGBW-Slave/src/delay.inc
             Delay_10ms_0   0x00005f    program     static /home/kwendenarmo/git-repos/DMX-RGBW-Slave/src/delay.inc
                Delay_2us   0x000066    program     static /home/kwendenarmo/git-repos/DMX-RGBW-Slave/src/delay.inc
              Delay_2us_0   0x000068    program     static /home/kwendenarmo/git-repos/DMX-RGBW-Slave/src/delay.inc
              RS485_avail   0x000047    program     static /home/kwendenarmo/git-repos/DMX-RGBW-Slave/src/rs485.inc
               RS485_init   0x000035    program     static /home/kwendenarmo/git-repos/DMX-RGBW-Slave/src/rs485.inc
               RS485_read   0x00004c    program     static /home/kwendenarmo/git-repos/DMX-RGBW-Slave/src/rs485.inc
               RS485_send   0x00004f    program     static /home/kwendenarmo/git-repos/DMX-RGBW-Slave/src/rs485.inc
            _DEL_LIB_0005   0x000060    program     static /home/kwendenarmo/git-repos/DMX-RGBW-Slave/src/delay.inc
            _DEL_LIB_0008   0x000063    program     static /home/kwendenarmo/git-repos/DMX-RGBW-Slave/src/delay.inc
          _RS485_LIB_0020   0x000055    program     static /home/kwendenarmo/git-repos/DMX-RGBW-Slave/src/rs485.inc
                     main   0x00002e    program     static /home/kwendenarmo/git-repos/DMX-RGBW-Slave/src/main.asm
                    setup   0x000004    program     static /home/kwendenarmo/git-repos/DMX-RGBW-Slave/src/main.asm



                              Symbols - Sorted by Address
                     Name    Address   Location    Storage File                     
                ---------  ---------  ---------  --------- ---------                
                    setup   0x000004    program     static /home/kwendenarmo/git-repos/DMX-RGBW-Slave/src/main.asm
                     main   0x00002e    program     static /home/kwendenarmo/git-repos/DMX-RGBW-Slave/src/main.asm
               RS485_init   0x000035    program     static /home/kwendenarmo/git-repos/DMX-RGBW-Slave/src/rs485.inc
              RS485_avail   0x000047    program     static /home/kwendenarmo/git-repos/DMX-RGBW-Slave/src/rs485.inc
               RS485_read   0x00004c    program     static /home/kwendenarmo/git-repos/DMX-RGBW-Slave/src/rs485.inc
               RS485_send   0x00004f    program     static /home/kwendenarmo/git-repos/DMX-RGBW-Slave/src/rs485.inc
          _RS485_LIB_0020   0x000055    program     static /home/kwendenarmo/git-repos/DMX-RGBW-Slave/src/rs485.inc
               Delay_10ms   0x00005b    program     static /home/kwendenarmo/git-repos/DMX-RGBW-Slave/src/delay.inc
             Delay_10ms_0   0x00005f    program     static /home/kwendenarmo/git-repos/DMX-RGBW-Slave/src/delay.inc
            _DEL_LIB_0005   0x000060    program     static /home/kwendenarmo/git-repos/DMX-RGBW-Slave/src/delay.inc
            _DEL_LIB_0008   0x000063    program     static /home/kwendenarmo/git-repos/DMX-RGBW-Slave/src/delay.inc
                Delay_2us   0x000066    program     static /home/kwendenarmo/git-repos/DMX-RGBW-Slave/src/delay.inc
              Delay_2us_0   0x000068    program     static /home/kwendenarmo/git-repos/DMX-RGBW-Slave/src/delay.inc


