MPLINK 5.00, LINKER
Linker Map File - Created Thu Mar  6 23:08:13 2014

                                 Section Info
                  Section       Type    Address   Location Size(Bytes)
                ---------  ---------  ---------  ---------  ---------
               RESET_VECT       code   0x000000    program   0x000004
                   .cinit    romdata   0x000002    program   0x000004
                MAIN_CODE       code   0x000004    program   0x00005e
                RS485_LIB       code   0x000033    program   0x00003a
                  DEL_LIB       code   0x000050    program   0x000020
.config_8007_BUILD/DEFAULT/PRODUCTION/MAIN.O       code   0x008007    program   0x000002
.config_8008_BUILD/DEFAULT/PRODUCTION/MAIN.O       code   0x008008    program   0x000002



                              Program Memory Usage 
                               Start         End      
                           ---------   ---------      
                            0x000000    0x00005f      
                            0x008007    0x008008      
            98 out of 4103 program addresses used, program memory utilization is 2%



                              Symbols - Sorted by Name
                     Name    Address   Location    Storage File                     
                ---------  ---------  ---------  --------- ---------                
               Delay_10ms   0x000050    program     static /home/kwendenarmo/git-repos/DMX-RGBW-Slave/src/delay.inc
             Delay_10ms_0   0x000054    program     static /home/kwendenarmo/git-repos/DMX-RGBW-Slave/src/delay.inc
                Delay_2us   0x00005b    program     static /home/kwendenarmo/git-repos/DMX-RGBW-Slave/src/delay.inc
              Delay_2us_0   0x00005d    program     static /home/kwendenarmo/git-repos/DMX-RGBW-Slave/src/delay.inc
            _DEL_LIB_0005   0x000055    program     static /home/kwendenarmo/git-repos/DMX-RGBW-Slave/src/delay.inc
            _DEL_LIB_0008   0x000058    program     static /home/kwendenarmo/git-repos/DMX-RGBW-Slave/src/delay.inc
          _RS485_LIB_0018   0x00004b    program     static /home/kwendenarmo/git-repos/DMX-RGBW-Slave/src/rs485.inc
                     main   0x000031    program     static /home/kwendenarmo/git-repos/DMX-RGBW-Slave/src/main.asm
         read_serial_tout   0x000045    program     static /home/kwendenarmo/git-repos/DMX-RGBW-Slave/src/rs485.inc
               rs485_init   0x000033    program     static /home/kwendenarmo/git-repos/DMX-RGBW-Slave/src/rs485.inc
           rs485_sendbyte   0x000046    program     static /home/kwendenarmo/git-repos/DMX-RGBW-Slave/src/rs485.inc
                    setup   0x000004    program     static /home/kwendenarmo/git-repos/DMX-RGBW-Slave/src/main.asm



                              Symbols - Sorted by Address
                     Name    Address   Location    Storage File                     
                ---------  ---------  ---------  --------- ---------                
                    setup   0x000004    program     static /home/kwendenarmo/git-repos/DMX-RGBW-Slave/src/main.asm
                     main   0x000031    program     static /home/kwendenarmo/git-repos/DMX-RGBW-Slave/src/main.asm
               rs485_init   0x000033    program     static /home/kwendenarmo/git-repos/DMX-RGBW-Slave/src/rs485.inc
         read_serial_tout   0x000045    program     static /home/kwendenarmo/git-repos/DMX-RGBW-Slave/src/rs485.inc
           rs485_sendbyte   0x000046    program     static /home/kwendenarmo/git-repos/DMX-RGBW-Slave/src/rs485.inc
          _RS485_LIB_0018   0x00004b    program     static /home/kwendenarmo/git-repos/DMX-RGBW-Slave/src/rs485.inc
               Delay_10ms   0x000050    program     static /home/kwendenarmo/git-repos/DMX-RGBW-Slave/src/delay.inc
             Delay_10ms_0   0x000054    program     static /home/kwendenarmo/git-repos/DMX-RGBW-Slave/src/delay.inc
            _DEL_LIB_0005   0x000055    program     static /home/kwendenarmo/git-repos/DMX-RGBW-Slave/src/delay.inc
            _DEL_LIB_0008   0x000058    program     static /home/kwendenarmo/git-repos/DMX-RGBW-Slave/src/delay.inc
                Delay_2us   0x00005b    program     static /home/kwendenarmo/git-repos/DMX-RGBW-Slave/src/delay.inc
              Delay_2us_0   0x00005d    program     static /home/kwendenarmo/git-repos/DMX-RGBW-Slave/src/delay.inc


